// Jest Snapshot v1, https://goo.gl/fbAQLP

exports[`/api/version 1`] = `
Object {
  "version": "1.0.0",
}
`;
